Archive member included to satisfy reference by file (symbol)

C:/ST/STM32CubeIDE_1.11.0/STM32CubeIDE/plugins/com.st.stm32cube.ide.mcu.externaltools.gnu-tools-for-stm32.11.3.rel1.win32_1.1.1.202309131626/tools/bin/../lib/gcc/arm-none-eabi/11.3.1/../../../../arm-none-eabi/lib/thumb/v7-m/nofp\libc_nano.a(libc_a-exit.o)
                              C:/ST/STM32CubeIDE_1.11.0/STM32CubeIDE/plugins/com.st.stm32cube.ide.mcu.externaltools.gnu-tools-for-stm32.11.3.rel1.win32_1.1.1.202309131626/tools/bin/../lib/gcc/arm-none-eabi/11.3.1/../../../../arm-none-eabi/lib/thumb/v7-m/nofp/crt0.o (exit)
C:/ST/STM32CubeIDE_1.11.0/STM32CubeIDE/plugins/com.st.stm32cube.ide.mcu.externaltools.gnu-tools-for-stm32.11.3.rel1.win32_1.1.1.202309131626/tools/bin/../lib/gcc/arm-none-eabi/11.3.1/../../../../arm-none-eabi/lib/thumb/v7-m/nofp\libc_nano.a(libc_a-findfp.o)
                              C:/ST/STM32CubeIDE_1.11.0/STM32CubeIDE/plugins/com.st.stm32cube.ide.mcu.externaltools.gnu-tools-for-stm32.11.3.rel1.win32_1.1.1.202309131626/tools/bin/../lib/gcc/arm-none-eabi/11.3.1/../../../../arm-none-eabi/lib/thumb/v7-m/nofp\libc_nano.a(libc_a-exit.o) (__stdio_exit_handler)
C:/ST/STM32CubeIDE_1.11.0/STM32CubeIDE/plugins/com.st.stm32cube.ide.mcu.externaltools.gnu-tools-for-stm32.11.3.rel1.win32_1.1.1.202309131626/tools/bin/../lib/gcc/arm-none-eabi/11.3.1/../../../../arm-none-eabi/lib/thumb/v7-m/nofp\libc_nano.a(libc_a-fwalk.o)
                              C:/ST/STM32CubeIDE_1.11.0/STM32CubeIDE/plugins/com.st.stm32cube.ide.mcu.externaltools.gnu-tools-for-stm32.11.3.rel1.win32_1.1.1.202309131626/tools/bin/../lib/gcc/arm-none-eabi/11.3.1/../../../../arm-none-eabi/lib/thumb/v7-m/nofp\libc_nano.a(libc_a-findfp.o) (_fwalk_sglue)
C:/ST/STM32CubeIDE_1.11.0/STM32CubeIDE/plugins/com.st.stm32cube.ide.mcu.externaltools.gnu-tools-for-stm32.11.3.rel1.win32_1.1.1.202309131626/tools/bin/../lib/gcc/arm-none-eabi/11.3.1/../../../../arm-none-eabi/lib/thumb/v7-m/nofp\libc_nano.a(libc_a-stdio.o)
                              C:/ST/STM32CubeIDE_1.11.0/STM32CubeIDE/plugins/com.st.stm32cube.ide.mcu.externaltools.gnu-tools-for-stm32.11.3.rel1.win32_1.1.1.202309131626/tools/bin/../lib/gcc/arm-none-eabi/11.3.1/../../../../arm-none-eabi/lib/thumb/v7-m/nofp\libc_nano.a(libc_a-findfp.o) (__sread)
C:/ST/STM32CubeIDE_1.11.0/STM32CubeIDE/plugins/com.st.stm32cube.ide.mcu.externaltools.gnu-tools-for-stm32.11.3.rel1.win32_1.1.1.202309131626/tools/bin/../lib/gcc/arm-none-eabi/11.3.1/../../../../arm-none-eabi/lib/thumb/v7-m/nofp\libc_nano.a(libc_a-memset.o)
                              C:/ST/STM32CubeIDE_1.11.0/STM32CubeIDE/plugins/com.st.stm32cube.ide.mcu.externaltools.gnu-tools-for-stm32.11.3.rel1.win32_1.1.1.202309131626/tools/bin/../lib/gcc/arm-none-eabi/11.3.1/../../../../arm-none-eabi/lib/thumb/v7-m/nofp/crt0.o (memset)
C:/ST/STM32CubeIDE_1.11.0/STM32CubeIDE/plugins/com.st.stm32cube.ide.mcu.externaltools.gnu-tools-for-stm32.11.3.rel1.win32_1.1.1.202309131626/tools/bin/../lib/gcc/arm-none-eabi/11.3.1/../../../../arm-none-eabi/lib/thumb/v7-m/nofp\libc_nano.a(libc_a-closer.o)
                              C:/ST/STM32CubeIDE_1.11.0/STM32CubeIDE/plugins/com.st.stm32cube.ide.mcu.externaltools.gnu-tools-for-stm32.11.3.rel1.win32_1.1.1.202309131626/tools/bin/../lib/gcc/arm-none-eabi/11.3.1/../../../../arm-none-eabi/lib/thumb/v7-m/nofp\libc_nano.a(libc_a-stdio.o) (_close_r)
C:/ST/STM32CubeIDE_1.11.0/STM32CubeIDE/plugins/com.st.stm32cube.ide.mcu.externaltools.gnu-tools-for-stm32.11.3.rel1.win32_1.1.1.202309131626/tools/bin/../lib/gcc/arm-none-eabi/11.3.1/../../../../arm-none-eabi/lib/thumb/v7-m/nofp\libc_nano.a(libc_a-reent.o)
                              C:/ST/STM32CubeIDE_1.11.0/STM32CubeIDE/plugins/com.st.stm32cube.ide.mcu.externaltools.gnu-tools-for-stm32.11.3.rel1.win32_1.1.1.202309131626/tools/bin/../lib/gcc/arm-none-eabi/11.3.1/../../../../arm-none-eabi/lib/thumb/v7-m/nofp\libc_nano.a(libc_a-closer.o) (errno)
C:/ST/STM32CubeIDE_1.11.0/STM32CubeIDE/plugins/com.st.stm32cube.ide.mcu.externaltools.gnu-tools-for-stm32.11.3.rel1.win32_1.1.1.202309131626/tools/bin/../lib/gcc/arm-none-eabi/11.3.1/../../../../arm-none-eabi/lib/thumb/v7-m/nofp\libc_nano.a(libc_a-impure.o)
                              C:/ST/STM32CubeIDE_1.11.0/STM32CubeIDE/plugins/com.st.stm32cube.ide.mcu.externaltools.gnu-tools-for-stm32.11.3.rel1.win32_1.1.1.202309131626/tools/bin/../lib/gcc/arm-none-eabi/11.3.1/../../../../arm-none-eabi/lib/thumb/v7-m/nofp\libc_nano.a(libc_a-reent.o) (_impure_ptr)
C:/ST/STM32CubeIDE_1.11.0/STM32CubeIDE/plugins/com.st.stm32cube.ide.mcu.externaltools.gnu-tools-for-stm32.11.3.rel1.win32_1.1.1.202309131626/tools/bin/../lib/gcc/arm-none-eabi/11.3.1/../../../../arm-none-eabi/lib/thumb/v7-m/nofp\libc_nano.a(libc_a-lseekr.o)
[...]
Memory Configuration

Name             Origin             Length             Attributes
RAM              0x0000000020000000 0x0000000000002800 xrw
FLASH            0x0000000008000000 0x0000000000008000 xr
*default*        0x0000000000000000 0xffffffffffffffff

Linker script and memory map

LOAD C:/ST/STM32CubeIDE_1.11.0/STM32CubeIDE/plugins/com.st.stm32cube.ide.mcu.externaltools.gnu-tools-for-stm32.11.3.rel1.win32_1.1.1.202309131626/tools/bin/../lib/gcc/arm-none-eabi/11.3.1/thumb/v7-m/nofp/crti.o
LOAD C:/ST/STM32CubeIDE_1.11.0/STM32CubeIDE/plugins/com.st.stm32cube.ide.mcu.externaltools.gnu-tools-for-stm32.11.3.rel1.win32_1.1.1.202309131626/tools/bin/../lib/gcc/arm-none-eabi/11.3.1/thumb/v7-m/nofp/crtbegin.o
LOAD C:/ST/STM32CubeIDE_1.11.0/STM32CubeIDE/plugins/com.st.stm32cube.ide.mcu.externaltools.gnu-tools-for-stm32.11.3.rel1.win32_1.1.1.202309131626/tools/bin/../lib/gcc/arm-none-eabi/11.3.1/../../../../arm-none-eabi/lib/thumb/v7-m/nofp/crt0.o
LOAD ./Core/Src/input_button.o
LOAD ./Core/Src/main.o
LOAD ./Core/Src/output_led7seg.o
LOAD ./Core/Src/output_traffic.o
LOAD ./Core/Src/processing_fsm.o
LOAD ./Core/Src/software_timer.o
LOAD ./Core/Src/stm32f1xx_hal_msp.o
LOAD ./Core/Src/stm32f1xx_it.o
LOAD ./Core/Src/syscalls.o
LOAD ./Core/Src/sysmem.o
LOAD ./Core/Src/system_stm32f1xx.o
LOAD ./Core/Startup/startup_stm32f103c6ux.o
LOAD ./Drivers/STM32F1xx_HAL_Driver/Src/stm32f1xx_hal.o
LOAD ./Drivers/STM32F1xx_HAL_Driver/Src/stm32f1xx_hal_cortex.o
LOAD ./Drivers/STM32F1xx_HAL_Driver/Src/stm32f1xx_hal_dma.o
LOAD ./Drivers/STM32F1xx_HAL_Driver/Src/stm32f1xx_hal_exti.o
LOAD ./Drivers/STM32F1xx_HAL_Driver/Src/stm32f1xx_hal_flash.o
LOAD ./Drivers/STM32F1xx_HAL_Driver/Src/stm32f1xx_hal_flash_ex.o
LOAD ./Drivers/STM32F1xx_HAL_Driver/Src/stm32f1xx_hal_gpio.o
LOAD ./Drivers/STM32F1xx_HAL_Driver/Src/stm32f1xx_hal_gpio_ex.o
LOAD ./Drivers/STM32F1xx_HAL_Driver/Src/stm32f1xx_hal_pwr.o
LOAD ./Drivers/STM32F1xx_HAL_Driver/Src/stm32f1xx_hal_rcc.o
LOAD ./Drivers/STM32F1xx_HAL_Driver/Src/stm32f1xx_hal_rcc_ex.o
LOAD ./Drivers/STM32F1xx_HAL_Driver/Src/stm32f1xx_hal_tim.o
LOAD ./Drivers/STM32F1xx_HAL_Driver/Src/stm32f1xx_hal_tim_ex.o
START GROUP
LOAD C:/ST/STM32CubeIDE_1.11.0/STM32CubeIDE/plugins/com.st.stm32cube.ide.mcu.externaltools.gnu-tools-for-stm32.11.3.rel1.win32_1.1.1.202309131626/tools/bin/../lib/gcc/arm-none-eabi/11.3.1/../../../../arm-none-eabi/lib/thumb/v7-m/nofp\libc_nano.a
LOAD C:/ST/STM32CubeIDE_1.11.0/STM32CubeIDE/plugins/com.st.stm32cube.ide.mcu.externaltools.gnu-tools-for-stm32.11.3.rel1.win32_1.1.1.202309131626/tools/bin/../lib/gcc/arm-none-eabi/11.3.1/../../../../arm-none-eabi/lib/thumb/v7-m/nofp\libm.a
END GROUP
START GROUP
LOAD C:/ST/STM32CubeIDE_1.11.0/STM32CubeIDE/plugins/com.st.stm32cube.ide.mcu.externaltools.gnu-tools-for-stm32.11.3.rel1.win32_1.1.1.202309131626/tools/bin/../lib/gcc/arm-none-eabi/11.3.1/thumb/v7-m/nofp\libgcc.a
LOAD C:/ST/STM32CubeIDE_1.11.0/STM32CubeIDE/plugins/com.st.stm32cube.ide.mcu.externaltools.gnu-tools-for-stm32.11.3.rel1.win32_1.1.1.202309131626/tools/bin/../lib/gcc/arm-none-eabi/11.3.1/../../../../arm-none-eabi/lib/thumb/v7-m/nofp\libc_nano.a
END GROUP
START GROUP
LOAD C:/ST/STM32CubeIDE_1.11.0/STM32CubeIDE/plugins/com.st.stm32cube.ide.mcu.externaltools.gnu-tools-for-stm32.11.3.rel1.win32_1.1.1.202309131626/tools/bin/../lib/gcc/arm-none-eabi/11.3.1/thumb/v7-m/nofp\libgcc.a
LOAD C:/ST/STM32CubeIDE_1.11.0/STM32CubeIDE/plugins/com.st.stm32cube.ide.mcu.externaltools.gnu-tools-for-stm32.11.3.rel1.win32_1.1.1.202309131626/tools/bin/../lib/gcc/arm-none-eabi/11.3.1/../../../../arm-none-eabi/lib/thumb/v7-m/nofp\libc_nano.a
LOAD C:/ST/STM32CubeIDE_1.11.0/STM32CubeIDE/plugins/com.st.stm32cube.ide.mcu.externaltools.gnu-tools-for-stm32.11.3.rel1.win32_1.1.1.202309131626/tools/bin/../lib/gcc/arm-none-eabi/11.3.1/../../../../arm-none-eabi/lib/thumb/v7-m/nofp\libnosys.a
END GROUP
START GROUP
LOAD C:/ST/STM32CubeIDE_1.11.0/STM32CubeIDE/plugins/com.st.stm32cube.ide.mcu.externaltools.gnu-tools-for-stm32.11.3.rel1.win32_1.1.1.202309131626/tools/bin/../lib/gcc/arm-none-eabi/11.3.1/thumb/v7-m/nofp\libgcc.a
LOAD C:/ST/STM32CubeIDE_1.11.0/STM32CubeIDE/plugins/com.st.stm32cube.ide.mcu.externaltools.gnu-tools-for-stm32.11.3.rel1.win32_1.1.1.202309131626/tools/bin/../lib/gcc/arm-none-eabi/11.3.1/../../../../arm-none-eabi/lib/thumb/v7-m/nofp\libc_nano.a
LOAD C:/ST/STM32CubeIDE_1.11.0/STM32CubeIDE/plugins/com.st.stm32cube.ide.mcu.externaltools.gnu-tools-for-stm32.11.3.rel1.win32_1.1.1.202309131626/tools/bin/../lib/gcc/arm-none-eabi/11.3.1/../../../../arm-none-eabi/lib/thumb/v7-m/nofp\libnosys.a
END GROUP
LOAD C:/ST/STM32CubeIDE_1.11.0/STM32CubeIDE/plugins/com.st.stm32cube.ide.mcu.externaltools.gnu-tools-for-stm32.11.3.rel1.win32_1.1.1.202309131626/tools/bin/../lib/gcc/arm-none-eabi/11.3.1/thumb/v7-m/nofp/crtend.o
LOAD C:/ST/STM32CubeIDE_1.11.0/STM32CubeIDE/plugins/com.st.stm32cube.ide.mcu.externaltools.gnu-tools-for-stm32.11.3.rel1.win32_1.1.1.202309131626/tools/bin/../lib/gcc/arm-none-eabi/11.3.1/thumb/v7-m/nofp/crtn.o
                0x0000000020002800                _estack = (ORIGIN (RAM) + LENGTH (RAM))
                0x0000000000000200                _Min_Heap_Size = 0x200
                0x0000000000000400                _Min_Stack_Size = 0x400

.isr_vector     0x0000000008000000      0x10c
                0x0000000008000000                . = ALIGN (0x4)
 *(.isr_vector)
 .isr_vector    0x0000000008000000      0x10c ./Core/Startup/startup_stm32f103c6ux.o
                0x0000000008000000                g_pfnVectors
                0x000000000800010c                . = ALIGN (0x4)

.text           0x000000000800010c     0x1b48
                0x000000000800010c                . = ALIGN (0x4)
 *(.text)
 .text          0x000000000800010c       0x40 C:/ST/STM32CubeIDE_1.11.0/STM32CubeIDE/plugins/com.st.stm32cube.ide.mcu.externaltools.gnu-tools-for-stm32.11.3.rel1.win32_1.1.1.202309131626/tools/bin/../lib/gcc/arm-none-eabi/11.3.1/thumb/v7-m/nofp/crtbegin.o
 *(.text*)
 .text.buttonPressed
                0x000000000800014c       0x44 ./Core/Src/input_button.o
                0x000000000800014c                buttonPressed
 .text.main     0x0000000008000190       0x28 ./Core/Src/main.o
                0x0000000008000190                main
 .text.SystemClock_Config
                0x00000000080001b8       0x76 ./Core/Src/main.o
                0x00000000080001b8                SystemClock_Config
 *fill*         0x000000000800022e        0x2 
 .text.MX_TIM2_Init
                0x0000000008000230       0x98 ./Core/Src/main.o
 .text.MX_GPIO_Init
                0x00000000080002c8       0xc4 ./Core/Src/main.o
 .text.HAL_TIM_PeriodElapsedCallback
                0x000000000800038c       0x14 ./Core/Src/main.o
                0x000000000800038c                HAL_TIM_PeriodElapsedCallback
 .text.Error_Handler
                0x00000000080003a0        0xa ./Core/Src/main.o
                0x00000000080003a0                Error_Handler
 .text.fsmInit  0x00000000080003aa        0xe ./Core/Src/processing_fsm.o
                0x00000000080003aa                fsmInit
 .text.fsmReInit
                0x00000000080003b8       0x58 ./Core/Src/processing_fsm.o
                0x00000000080003b8                fsmReInit
 .text.fsmProcessing
                0x0000000008000410       0x90 ./Core/Src/processing_fsm.o
                0x0000000008000410                fsmProcessing
 .text.timerRun
                0x00000000080004a0       0x68 ./Core/Src/software_timer.o
                0x00000000080004a0                timerRun
 .text.HAL_MspInit
                0x0000000008000508       0x44 ./Core/Src/stm32f1xx_hal_msp.o
                0x0000000008000508                HAL_MspInit
 .text.HAL_TIM_Base_MspInit
                0x000000000800054c       0x48 ./Core/Src/stm32f1xx_hal_msp.o
                0x000000000800054c                HAL_TIM_Base_MspInit
 .text.NMI_Handler
                0x0000000008000594        0x6 ./Core/Src/stm32f1xx_it.o
                0x0000000008000594                NMI_Handler
 .text.HardFault_Handler
                0x000000000800059a        0x6 ./Core/Src/stm32f1xx_it.o
                0x000000000800059a                HardFault_Handler
 .text.MemManage_Handler
                0x00000000080005a0        0x6 ./Core/Src/stm32f1xx_it.o
                0x00000000080005a0                MemManage_Handler
 .text.BusFault_Handler
                0x00000000080005a6        0x6 ./Core/Src/stm32f1xx_it.o
                0x00000000080005a6                BusFault_Handler
 .text.UsageFault_Handler
                0x00000000080005ac        0x6 ./Core/Src/stm32f1xx_it.o
                0x00000000080005ac                UsageFault_Handler
 .text.SVC_Handler
                0x00000000080005b2        0xc ./Core/Src/stm32f1xx_it.o
                0x00000000080005b2                SVC_Handler
 .text.DebugMon_Handler
                0x00000000080005be        0xc ./Core/Src/stm32f1xx_it.o
                0x00000000080005be                DebugMon_Handler
 .text.PendSV_Handler
                0x00000000080005ca        0xc ./Core/Src/stm32f1xx_it.o
                0x00000000080005ca                PendSV_Handler
 .text.SysTick_Handler
                0x00000000080005d6        0xc ./Core/Src/stm32f1xx_it.o
                0x00000000080005d6                SysTick_Handler
 *fill*         0x00000000080005e2        0x2 
 .text.TIM2_IRQHandler
                0x00000000080005e4       0x14 ./Core/Src/stm32f1xx_it.o
                0x00000000080005e4                TIM2_IRQHandler
 .text.SystemInit
                0x00000000080005f8        0xc ./Core/Src/system_stm32f1xx.o
                0x00000000080005f8                SystemInit
 .text.Reset_Handler
                0x0000000008000604       0x48 ./Core/Startup/startup_stm32f103c6ux.o
                0x0000000008000604                Reset_Handler
 .text.Default_Handler
                0x000000000800064c        0x2 ./Core/Startup/startup_stm32f103c6ux.o
                0x000000000800064c                RTC_Alarm_IRQHandler
                0x000000000800064c                EXTI2_IRQHandler
                0x000000000800064c                TIM1_CC_IRQHandler
                0x000000000800064c                PVD_IRQHandler
                0x000000000800064c                EXTI3_IRQHandler
                0x000000000800064c                EXTI0_IRQHandler
                0x000000000800064c                ADC1_2_IRQHandler
                0x000000000800064c                SPI1_IRQHandler
                0x000000000800064c                TAMPER_IRQHandler
                0x000000000800064c                DMA1_Channel4_IRQHandler
                0x000000000800064c                RTC_IRQHandler
                0x000000000800064c                DMA1_Channel7_IRQHandler
                0x000000000800064c                CAN1_RX1_IRQHandler
                0x000000000800064c                I2C1_EV_IRQHandler
                0x000000000800064c                DMA1_Channel6_IRQHandler
                0x000000000800064c                TIM3_IRQHandler
                0x000000000800064c                RCC_IRQHandler
                0x000000000800064c                TIM1_TRG_COM_IRQHandler
                0x000000000800064c                DMA1_Channel1_IRQHandler
                0x000000000800064c                Default_Handler
                0x000000000800064c                EXTI15_10_IRQHandler
                0x000000000800064c                EXTI9_5_IRQHandler
                0x000000000800064c                DMA1_Channel5_IRQHandler
                0x000000000800064c                EXTI4_IRQHandler
                0x000000000800064c                USB_LP_CAN1_RX0_IRQHandler
                0x000000000800064c                USB_HP_CAN1_TX_IRQHandler
                0x000000000800064c                DMA1_Channel3_IRQHandler
                0x000000000800064c                TIM1_UP_IRQHandler
                0x000000000800064c                WWDG_IRQHandler
                0x000000000800064c                TIM1_BRK_IRQHandler
                0x000000000800064c                EXTI1_IRQHandler
                0x000000000800064c                USART2_IRQHandler
                0x000000000800064c                DMA1_Channel2_IRQHandler
                0x000000000800064c                CAN1_SCE_IRQHandler
                0x000000000800064c                FLASH_IRQHandler
                0x000000000800064c                USART1_IRQHandler
                0x000000000800064c                I2C1_ER_IRQHandler
                0x000000000800064c                USBWakeUp_IRQHandler
 *fill*         0x000000000800064e        0x2 
 .text.HAL_Init
                0x0000000008000650       0x2c ./Drivers/STM32F1xx_HAL_Driver/Src/stm32f1xx_hal.o
                0x0000000008000650                HAL_Init
 .text.HAL_InitTick
                0x000000000800067c       0x60 ./Drivers/STM32F1xx_HAL_Driver/Src/stm32f1xx_hal.o
                0x000000000800067c                HAL_InitTick
 .text.HAL_IncTick
                0x00000000080006dc       0x24 ./Drivers/STM32F1xx_HAL_Driver/Src/stm32f1xx_hal.o
                0x00000000080006dc                HAL_IncTick
 .text.HAL_GetTick
                0x0000000008000700       0x14 ./Drivers/STM32F1xx_HAL_Driver/Src/stm32f1xx_hal.o
                0x0000000008000700                HAL_GetTick
 .text.__NVIC_SetPriorityGrouping
                0x0000000008000714       0x48 ./Drivers/STM32F1xx_HAL_Driver/Src/stm32f1xx_hal_cortex.o
 .text.__NVIC_GetPriorityGrouping
                0x000000000800075c       0x1c ./Drivers/STM32F1xx_HAL_Driver/Src/stm32f1xx_hal_cortex.o
 .text.__NVIC_EnableIRQ
                0x0000000008000778       0x38 ./Drivers/STM32F1xx_HAL_Driver/Src/stm32f1xx_hal_cortex.o
 .text.__NVIC_SetPriority
                0x00000000080007b0       0x54 ./Drivers/STM32F1xx_HAL_Driver/Src/stm32f1xx_hal_cortex.o
 .text.NVIC_EncodePriority
                0x0000000008000804       0x64 ./Drivers/STM32F1xx_HAL_Driver/Src/stm32f1xx_hal_cortex.o
 .text.SysTick_Config
                0x0000000008000868       0x44 ./Drivers/STM32F1xx_HAL_Driver/Src/stm32f1xx_hal_cortex.o
 .text.HAL_NVIC_SetPriorityGrouping
                0x00000000080008ac       0x16 ./Drivers/STM32F1xx_HAL_Driver/Src/stm32f1xx_hal_cortex.o
                0x00000000080008ac                HAL_NVIC_SetPriorityGrouping
 .text.HAL_NVIC_SetPriority
                0x00000000080008c2       0x38 ./Drivers/STM32F1xx_HAL_Driver/Src/stm32f1xx_hal_cortex.o
                0x00000000080008c2                HAL_NVIC_SetPriority
 .text.HAL_NVIC_EnableIRQ
                0x00000000080008fa       0x1c ./Drivers/STM32F1xx_HAL_Driver/Src/stm32f1xx_hal_cortex.o
                0x00000000080008fa                HAL_NVIC_EnableIRQ
 .text.HAL_SYSTICK_Config
                0x0000000008000916       0x18 ./Drivers/STM32F1xx_HAL_Driver/Src/stm32f1xx_hal_cortex.o
                0x0000000008000916                HAL_SYSTICK_Config
 *fill*         0x000000000800092e        0x2 
 .text.HAL_GPIO_Init
                0x0000000008000930      0x2f8 ./Drivers/STM32F1xx_HAL_Driver/Src/stm32f1xx_hal_gpio.o
                0x0000000008000930                HAL_GPIO_Init
 .text.HAL_GPIO_WritePin
                0x0000000008000c28       0x30 ./Drivers/STM32F1xx_HAL_Driver/Src/stm32f1xx_hal_gpio.o
                0x0000000008000c28                HAL_GPIO_WritePin
 .text.HAL_RCC_OscConfig
                0x0000000008000c58      0x504 ./Drivers/STM32F1xx_HAL_Driver/Src/stm32f1xx_hal_rcc.o
                0x0000000008000c58                HAL_RCC_OscConfig
 .text.HAL_RCC_ClockConfig
                0x000000000800115c      0x1d4 ./Drivers/STM32F1xx_HAL_Driver/Src/stm32f1xx_hal_rcc.o
                0x000000000800115c                HAL_RCC_ClockConfig
 .text.HAL_RCC_GetSysClockFreq
                0x0000000008001330       0xa8 ./Drivers/STM32F1xx_HAL_Driver/Src/stm32f1xx_hal_rcc.o
                0x0000000008001330                HAL_RCC_GetSysClockFreq
 .text.RCC_Delay
                0x00000000080013d8       0x3c ./Drivers/STM32F1xx_HAL_Driver/Src/stm32f1xx_hal_rcc.o
 .text.HAL_TIM_Base_Init
                0x0000000008001414       0x9e ./Drivers/STM32F1xx_HAL_Driver/Src/stm32f1xx_hal_tim.o
                0x0000000008001414                HAL_TIM_Base_Init
 *fill*         0x00000000080014b2        0x2 
 .text.HAL_TIM_Base_Start_IT
                0x00000000080014b4       0x98 ./Drivers/STM32F1xx_HAL_Driver/Src/stm32f1xx_hal_tim.o
                0x00000000080014b4                HAL_TIM_Base_Start_IT
 .text.HAL_TIM_IRQHandler
                0x000000000800154c      0x210 ./Drivers/STM32F1xx_HAL_Driver/Src/stm32f1xx_hal_tim.o
                0x000000000800154c                HAL_TIM_IRQHandler
 .text.HAL_TIM_ConfigClockSource
                0x000000000800175c      0x18e ./Drivers/STM32F1xx_HAL_Driver/Src/stm32f1xx_hal_tim.o
                0x000000000800175c                HAL_TIM_ConfigClockSource
 .text.HAL_TIM_OC_DelayElapsedCallback
                0x00000000080018ea       0x12 ./Drivers/STM32F1xx_HAL_Driver/Src/stm32f1xx_hal_tim.o
                0x00000000080018ea                HAL_TIM_OC_DelayElapsedCallback
 .text.HAL_TIM_IC_CaptureCallback
                0x00000000080018fc       0x12 ./Drivers/STM32F1xx_HAL_Driver/Src/stm32f1xx_hal_tim.o
                0x00000000080018fc                HAL_TIM_IC_CaptureCallback
 .text.HAL_TIM_PWM_PulseFinishedCallback
                0x000000000800190e       0x12 ./Drivers/STM32F1xx_HAL_Driver/Src/stm32f1xx_hal_tim.o
                0x000000000800190e                HAL_TIM_PWM_PulseFinishedCallback
 .text.HAL_TIM_TriggerCallback
                0x0000000008001920       0x12 ./Drivers/STM32F1xx_HAL_Driver/Src/stm32f1xx_hal_tim.o
                0x0000000008001920                HAL_TIM_TriggerCallback
 *fill*         0x0000000008001932        0x2 
 .text.TIM_Base_SetConfig
                0x0000000008001934       0xb0 ./Drivers/STM32F1xx_HAL_Driver/Src/stm32f1xx_hal_tim.o
                0x0000000008001934                TIM_Base_SetConfig
 .text.TIM_TI1_ConfigInputStage
                0x00000000080019e4       0x5c ./Drivers/STM32F1xx_HAL_Driver/Src/stm32f1xx_hal_tim.o
 .text.TIM_TI2_ConfigInputStage
                0x0000000008001a40       0x5e ./Drivers/STM32F1xx_HAL_Driver/Src/stm32f1xx_hal_tim.o
 .text.TIM_ITRx_SetConfig
                0x0000000008001a9e       0x34 ./Drivers/STM32F1xx_HAL_Driver/Src/stm32f1xx_hal_tim.o
 .text.TIM_ETR_SetConfig
                0x0000000008001ad2       0x3e ./Drivers/STM32F1xx_HAL_Driver/Src/stm32f1xx_hal_tim.o
                0x0000000008001ad2                TIM_ETR_SetConfig
 .text.HAL_TIMEx_MasterConfigSynchronization
                0x0000000008001b10       0xb0 ./Drivers/STM32F1xx_HAL_Driver/Src/stm32f1xx_hal_tim_ex.o
                0x0000000008001b10                HAL_TIMEx_MasterConfigSynchronization
 .text.HAL_TIMEx_CommutCallback
                0x0000000008001bc0       0x12 ./Drivers/STM32F1xx_HAL_Driver/Src/stm32f1xx_hal_tim_ex.o
                0x0000000008001bc0                HAL_TIMEx_CommutCallback
 .text.HAL_TIMEx_BreakCallback
                0x0000000008001bd2       0x12 ./Drivers/STM32F1xx_HAL_Driver/Src/stm32f1xx_hal_tim_ex.o
                0x0000000008001bd2                HAL_TIMEx_BreakCallback
 .text.memset   0x0000000008001be4       0x10 C:/ST/STM32CubeIDE_1.11.0/STM32CubeIDE/plugins/com.st.stm32cube.ide.mcu.externaltools.gnu-tools-for-stm32.11.3.rel1.win32_1.1.1.202309131626/tools/bin/../lib/gcc/arm-none-eabi/11.3.1/../../../../arm-none-eabi/lib/thumb/v7-m/nofp\libc_nano.a(libc_a-memset.o)
                0x0000000008001be4                memset
 .text.__libc_init_array
                0x0000000008001bf4       0x48 C:/ST/STM32CubeIDE_1.11.0/STM32CubeIDE/plugins/com.st.stm32cube.ide.mcu.externaltools.gnu-tools-for-stm32.11.3.rel1.win32_1.1.1.202309131626/tools/bin/../lib/gcc/arm-none-eabi/11.3.1/../../../../arm-none-eabi/lib/thumb/v7-m/nofp\libc_nano.a(libc_a-init.o)
                0x0000000008001bf4                __libc_init_array
 *(.glue_7)
 .glue_7        0x0000000008001c3c        0x0 linker stubs
 *(.glue_7t)
 .glue_7t       0x0000000008001c3c        0x0 linker stubs
 *(.eh_frame)
 .eh_frame      0x0000000008001c3c        0x0 C:/ST/STM32CubeIDE_1.11.0/STM32CubeIDE/plugins/com.st.stm32cube.ide.mcu.externaltools.gnu-tools-for-stm32.11.3.rel1.win32_1.1.1.202309131626/tools/bin/../lib/gcc/arm-none-eabi/11.3.1/thumb/v7-m/nofp/crtbegin.o
 *(.init)
 .init          0x0000000008001c3c        0x4 C:/ST/STM32CubeIDE_1.11.0/STM32CubeIDE/plugins/com.st.stm32cube.ide.mcu.externaltools.gnu-tools-for-stm32.11.3.rel1.win32_1.1.1.202309131626/tools/bin/../lib/gcc/arm-none-eabi/11.3.1/thumb/v7-m/nofp/crti.o
                0x0000000008001c3c                _init
 .init          0x0000000008001c40        0x8 C:/ST/STM32CubeIDE_1.11.0/STM32CubeIDE/plugins/com.st.stm32cube.ide.mcu.externaltools.gnu-tools-for-stm32.11.3.rel1.win32_1.1.1.202309131626/tools/bin/../lib/gcc/arm-none-eabi/11.3.1/thumb/v7-m/nofp/crtn.o
 *(.fini)
 .fini          0x0000000008001c48        0x4 C:/ST/STM32CubeIDE_1.11.0/STM32CubeIDE/plugins/com.st.stm32cube.ide.mcu.externaltools.gnu-tools-for-stm32.11.3.rel1.win32_1.1.1.202309131626/tools/bin/../lib/gcc/arm-none-eabi/11.3.1/thumb/v7-m/nofp/crti.o
                0x0000000008001c48                _fini
 .fini          0x0000000008001c4c        0x8 C:/ST/STM32CubeIDE_1.11.0/STM32CubeIDE/plugins/com.st.stm32cube.ide.mcu.externaltools.gnu-tools-for-stm32.11.3.rel1.win32_1.1.1.202309131626/tools/bin/../lib/gcc/arm-none-eabi/11.3.1/thumb/v7-m/nofp/crtn.o
                0x0000000008001c54                . = ALIGN (0x4)
                0x0000000008001c54                _etext = .

.vfp11_veneer   0x0000000008001c54        0x0
 .vfp11_veneer  0x0000000008001c54        0x0 linker stubs

.v4_bx          0x0000000008001c54        0x0
 .v4_bx         0x0000000008001c54        0x0 linker stubs

.iplt           0x0000000008001c54        0x0
 .iplt          0x0000000008001c54        0x0 C:/ST/STM32CubeIDE_1.11.0/STM32CubeIDE/plugins/com.st.stm32cube.ide.mcu.externaltools.gnu-tools-for-stm32.11.3.rel1.win32_1.1.1.202309131626/tools/bin/../lib/gcc/arm-none-eabi/11.3.1/thumb/v7-m/nofp/crtbegin.o

.rodata         0x0000000008001c54       0x24
                0x0000000008001c54                . = ALIGN (0x4)
 *(.rodata)
 *(.rodata*)
 .rodata.AHBPrescTable
                0x0000000008001c54       0x10 ./Core/Src/system_stm32f1xx.o
                0x0000000008001c54                AHBPrescTable
 .rodata.aPLLMULFactorTable.1
                0x0000000008001c64       0x10 ./Drivers/STM32F1xx_HAL_Driver/Src/stm32f1xx_hal_rcc.o
 .rodata.aPredivFactorTable.0
                0x0000000008001c74        0x2 ./Drivers/STM32F1xx_HAL_Driver/Src/stm32f1xx_hal_rcc.o
                0x0000000008001c78                . = ALIGN (0x4)
 *fill*         0x0000000008001c76        0x2 

.rel.dyn        0x0000000008001c78        0x0
 .rel.iplt      0x0000000008001c78        0x0 C:/ST/STM32CubeIDE_1.11.0/STM32CubeIDE/plugins/com.st.stm32cube.ide.mcu.externaltools.gnu-tools-for-stm32.11.3.rel1.win32_1.1.1.202309131626/tools/bin/../lib/gcc/arm-none-eabi/11.3.1/thumb/v7-m/nofp/crtbegin.o

.ARM.extab      0x0000000008001c78        0x0
                0x0000000008001c78                . = ALIGN (0x4)
 *(.ARM.extab* .gnu.linkonce.armextab.*)
                0x0000000008001c78                . = ALIGN (0x4)

.ARM            0x0000000008001c78        0x0
                0x0000000008001c78                . = ALIGN (0x4)
                0x0000000008001c78                __exidx_start = .
 *(.ARM.exidx*)
                0x0000000008001c78                __exidx_end = .
                0x0000000008001c78                . = ALIGN (0x4)

.preinit_array  0x0000000008001c78        0x0
                0x0000000008001c78                . = ALIGN (0x4)
                0x0000000008001c78                PROVIDE (__preinit_array_start = .)
 *(.preinit_array*)
                0x0000000008001c78                PROVIDE (__preinit_array_end = .)
                0x0000000008001c78                . = ALIGN (0x4)

.init_array     0x0000000008001c78        0x4
                0x0000000008001c78                . = ALIGN (0x4)
                0x0000000008001c78                PROVIDE (__init_array_start = .)
 *(SORT_BY_NAME(.init_array.*))
 *(.init_array*)
 .init_array    0x0000000008001c78        0x4 C:/ST/STM32CubeIDE_1.11.0/STM32CubeIDE/plugins/com.st.stm32cube.ide.mcu.externaltools.gnu-tools-for-stm32.11.3.rel1.win32_1.1.1.202309131626/tools/bin/../lib/gcc/arm-none-eabi/11.3.1/thumb/v7-m/nofp/crtbegin.o
                0x0000000008001c7c                PROVIDE (__init_array_end = .)
                0x0000000008001c7c                . = ALIGN (0x4)

.fini_array     0x0000000008001c7c        0x4
                0x0000000008001c7c                . = ALIGN (0x4)
                [!provide]                        PROVIDE (__fini_array_start = .)
 *(SORT_BY_NAME(.fini_array.*))
 *(.fini_array*)
 .fini_array    0x0000000008001c7c        0x4 C:/ST/STM32CubeIDE_1.11.0/STM32CubeIDE/plugins/com.st.stm32cube.ide.mcu.externaltools.gnu-tools-for-stm32.11.3.rel1.win32_1.1.1.202309131626/tools/bin/../lib/gcc/arm-none-eabi/11.3.1/thumb/v7-m/nofp/crtbegin.o
                [!provide]                        PROVIDE (__fini_array_end = .)
                0x0000000008001c80                . = ALIGN (0x4)
                0x0000000008001c80                _sidata = LOADADDR (.data)

.data           0x0000000020000000        0xc load address 0x0000000008001c80
                0x0000000020000000                . = ALIGN (0x4)
                0x0000000020000000                _sdata = .
 *(.data)
 *(.data*)
 .data.SystemCoreClock
                0x0000000020000000        0x4 ./Core/Src/system_stm32f1xx.o
                0x0000000020000000                SystemCoreClock
 .data.uwTickPrio
                0x0000000020000004        0x4 ./Drivers/STM32F1xx_HAL_Driver/Src/stm32f1xx_hal.o
                0x0000000020000004                uwTickPrio
 .data.uwTickFreq
                0x0000000020000008        0x1 ./Drivers/STM32F1xx_HAL_Driver/Src/stm32f1xx_hal.o
                0x0000000020000008                uwTickFreq
 *(.RamFunc)
 *(.RamFunc*)
                0x000000002000000c                . = ALIGN (0x4)
 *fill*         0x0000000020000009        0x3 
                0x000000002000000c                _edata = .

.igot.plt       0x000000002000000c        0x0 load address 0x0000000008001c8c
 .igot.plt      0x000000002000000c        0x0 C:/ST/STM32CubeIDE_1.11.0/STM32CubeIDE/plugins/com.st.stm32cube.ide.mcu.externaltools.gnu-tools-for-stm32.11.3.rel1.win32_1.1.1.202309131626/tools/bin/../lib/gcc/arm-none-eabi/11.3.1/thumb/v7-m/nofp/crtbegin.o
                0x000000002000000c                . = ALIGN (0x4)

.bss            0x000000002000000c       0x84 load address 0x0000000008001c8c
                0x000000002000000c                _sbss = .
                0x000000002000000c                __bss_start__ = _sbss
 *(.bss)
 .bss           0x000000002000000c       0x1c C:/ST/STM32CubeIDE_1.11.0/STM32CubeIDE/plugins/com.st.stm32cube.ide.mcu.externaltools.gnu-tools-for-stm32.11.3.rel1.win32_1.1.1.202309131626/tools/bin/../lib/gcc/arm-none-eabi/11.3.1/thumb/v7-m/nofp/crtbegin.o
 *(.bss*)
 .bss.buttonFlags
                0x0000000020000028        0x4 ./Core/Src/input_button.o
 .bss.htim2     0x000000002000002c       0x48 ./Core/Src/main.o
                0x000000002000002c                htim2
 .bss.fsmState  0x0000000020000074        0x1 ./Core/Src/processing_fsm.o
                0x0000000020000074                fsmState
 *fill*         0x0000000020000075        0x3 
 .bss.timerFlags
                0x0000000020000078        0x5 ./Core/Src/software_timer.o
                0x0000000020000078                timerFlags
 *fill*         0x000000002000007d        0x3 
 .bss.timerCounters
                0x0000000020000080        0xa ./Core/Src/software_timer.o
 *fill*         0x000000002000008a        0x2 
 .bss.uwTick    0x000000002000008c        0x4 ./Drivers/STM32F1xx_HAL_Driver/Src/stm32f1xx_hal.o
                0x000000002000008c                uwTick
 *(COMMON)
                0x0000000020000090                . = ALIGN (0x4)
                0x0000000020000090                _ebss = .
                0x0000000020000090                __bss_end__ = _ebss

._user_heap_stack
                0x0000000020000090      0x600 load address 0x0000000008001c8c
                0x0000000020000090                . = ALIGN (0x8)
                [!provide]                        PROVIDE (end = .)
                0x0000000020000090                PROVIDE (_end = .)
                0x0000000020000290                . = (. + _Min_Heap_Size)
 *fill*         0x0000000020000090      0x200 
                0x0000000020000690                . = (. + _Min_Stack_Size)
 *fill*         0x0000000020000290      0x400 
                0x0000000020000690                . = ALIGN (0x8)

/DISCARD/
 libc.a(*)
 libm.a(*)
 libgcc.a(*)

.ARM.attributes
                0x0000000000000000       0x29
 *(.ARM.attributes)
 .ARM.attributes
                0x0000000000000000       0x1d C:/ST/STM32CubeIDE_1.11.0/STM32CubeIDE/plugins/com.st.stm32cube.ide.mcu.externaltools.gnu-tools-for-stm32.11.3.rel1.win32_1.1.1.202309131626/tools/bin/../lib/gcc/arm-none-eabi/11.3.1/thumb/v7-m/nofp/crti.o
 .ARM.attributes
                0x000000000000001d       0x2d C:/ST/STM32CubeIDE_1.11.0/STM32CubeIDE/plugins/com.st.stm32cube.ide.mcu.externaltools.gnu-tools-for-stm32.11.3.rel1.win32_1.1.1.202309131626/tools/bin/../lib/gcc/arm-none-eabi/11.3.1/thumb/v7-m/nofp/crtbegin.o
 .ARM.attributes
                0x000000000000004a       0x2d ./Core/Src/input_button.o
 .ARM.attributes
                0x0000000000000077       0x2d ./Core/Src/main.o
 .ARM.attributes
                0x00000000000000a4       0x2d ./Core/Src/processing_fsm.o
 .ARM.attributes
                0x00000000000000d1       0x2d ./Core/Src/software_timer.o
 .ARM.attributes
                0x00000000000000fe       0x2d ./Core/Src/stm32f1xx_hal_msp.o
 .ARM.attributes
                0x000000000000012b       0x2d ./Core/Src/stm32f1xx_it.o
 .ARM.attributes
                0x0000000000000158       0x2d ./Core/Src/system_stm32f1xx.o
 .ARM.attributes
                0x0000000000000185       0x21 ./Core/Startup/startup_stm32f103c6ux.o
 .ARM.attributes
                0x00000000000001a6       0x2d ./Drivers/STM32F1xx_HAL_Driver/Src/stm32f1xx_hal.o
 .ARM.attributes
                0x00000000000001d3       0x2d ./Drivers/STM32F1xx_HAL_Driver/Src/stm32f1xx_hal_cortex.o
 .ARM.attributes
                0x0000000000000200       0x2d ./Drivers/STM32F1xx_HAL_Driver/Src/stm32f1xx_hal_gpio.o
 .ARM.attributes
                0x000000000000022d       0x2d ./Drivers/STM32F1xx_HAL_Driver/Src/stm32f1xx_hal_rcc.o
 .ARM.attributes
                0x000000000000025a       0x2d ./Drivers/STM32F1xx_HAL_Driver/Src/stm32f1xx_hal_tim.o
 .ARM.attributes
                0x0000000000000287       0x2d ./Drivers/STM32F1xx_HAL_Driver/Src/stm32f1xx_hal_tim_ex.o
 .ARM.attributes
                0x00000000000002b4       0x2d C:/ST/STM32CubeIDE_1.11.0/STM32CubeIDE/plugins/com.st.stm32cube.ide.mcu.externaltools.gnu-tools-for-stm32.11.3.rel1.win32_1.1.1.202309131626/tools/bin/../lib/gcc/arm-none-eabi/11.3.1/../../../../arm-none-eabi/lib/thumb/v7-m/nofp\libc_nano.a(libc_a-memset.o)
 .ARM.attributes
                0x00000000000002e1       0x2d C:/ST/STM32CubeIDE_1.11.0/STM32CubeIDE/plugins/com.st.stm32cube.ide.mcu.externaltools.gnu-tools-for-stm32.11.3.rel1.win32_1.1.1.202309131626/tools/bin/../lib/gcc/arm-none-eabi/11.3.1/../../../../arm-none-eabi/lib/thumb/v7-m/nofp\libc_nano.a(libc_a-init.o)
 .ARM.attributes
                0x000000000000030e       0x1d C:/ST/STM32CubeIDE_1.11.0/STM32CubeIDE/plugins/com.st.stm32cube.ide.mcu.externaltools.gnu-tools-for-stm32.11.3.rel1.win32_1.1.1.202309131626/tools/bin/../lib/gcc/arm-none-eabi/11.3.1/thumb/v7-m/nofp/crtn.o
OUTPUT(BUTTONS_SWITCHES.elf elf32-littlearm)
LOAD linker stubs
LOAD C:/ST/STM32CubeIDE_1.11.0/STM32CubeIDE/plugins/com.st.stm32cube.ide.mcu.externaltools.gnu-tools-for-stm32.11.3.rel1.win32_1.1.1.202309131626/tools/bin/../lib/gcc/arm-none-eabi/11.3.1/../../../../arm-none-eabi/lib/thumb/v7-m/nofp\libc.a
LOAD C:/ST/STM32CubeIDE_1.11.0/STM32CubeIDE/plugins/com.st.stm32cube.ide.mcu.externaltools.gnu-tools-for-stm32.11.3.rel1.win32_1.1.1.202309131626/tools/bin/../lib/gcc/arm-none-eabi/11.3.1/../../../../arm-none-eabi/lib/thumb/v7-m/nofp\libm.a
LOAD C:/ST/STM32CubeIDE_1.11.0/STM32CubeIDE/plugins/com.st.stm32cube.ide.mcu.externaltools.gnu-tools-for-stm32.11.3.rel1.win32_1.1.1.202309131626/tools/bin/../lib/gcc/arm-none-eabi/11.3.1/thumb/v7-m/nofp\libgcc.a

.comment        0x0000000000000000       0x43
 .comment       0x0000000000000000       0x43 C:/ST/STM32CubeIDE_1.11.0/STM32CubeIDE/plugins/com.st.stm32cube.ide.mcu.externaltools.gnu-tools-for-stm32.11.3.rel1.win32_1.1.1.202309131626/tools/bin/../lib/gcc/arm-none-eabi/11.3.1/thumb/v7-m/nofp/crtbegin.o
                                         0x44 (size before relaxing)
 .comment       0x0000000000000043       0x44 ./Core/Src/input_button.o
 .comment       0x0000000000000043       0x44 ./Core/Src/main.o
 .comment       0x0000000000000043       0x44 ./Core/Src/processing_fsm.o
 .comment       0x0000000000000043       0x44 ./Core/Src/software_timer.o
 .comment       0x0000000000000043       0x44 ./Core/Src/stm32f1xx_hal_msp.o
 .comment       0x0000000000000043       0x44 ./Core/Src/stm32f1xx_it.o
 .comment       0x0000000000000043       0x44 ./Core/Src/system_stm32f1xx.o
 .comment       0x0000000000000043       0x44 ./Drivers/STM32F1xx_HAL_Driver/Src/stm32f1xx_hal.o
 .comment       0x0000000000000043       0x44 ./Drivers/STM32F1xx_HAL_Driver/Src/stm32f1xx_hal_cortex.o
 .comment       0x0000000000000043       0x44 ./Drivers/STM32F1xx_HAL_Driver/Src/stm32f1xx_hal_gpio.o
 .comment       0x0000000000000043       0x44 ./Drivers/STM32F1xx_HAL_Driver/Src/stm32f1xx_hal_rcc.o
 .comment       0x0000000000000043       0x44 ./Drivers/STM32F1xx_HAL_Driver/Src/stm32f1xx_hal_tim.o
 .comment       0x0000000000000043       0x44 ./Drivers/STM32F1xx_HAL_Driver/Src/stm32f1xx_hal_tim_ex.o

.debug_info     0x0000000000000000     0x7e73
 .debug_info    0x0000000000000000      0x298 ./Core/Src/input_button.o
 .debug_info    0x0000000000000298      0xb66 ./Core/Src/main.o
 .debug_info    0x0000000000000dfe      0x111 ./Core/Src/processing_fsm.o
 .debug_info    0x0000000000000f0f      0x14d ./Core/Src/software_timer.o
 .debug_info    0x000000000000105c      0x88c ./Core/Src/stm32f1xx_hal_msp.o
 .debug_info    0x00000000000018e8      0x6a1 ./Core/Src/stm32f1xx_it.o
 .debug_info    0x0000000000001f89      0x222 ./Core/Src/system_stm32f1xx.o
 .debug_info    0x00000000000021ab       0x23 ./Core/Startup/startup_stm32f103c6ux.o
 .debug_info    0x00000000000021ce      0x6e6 ./Drivers/STM32F1xx_HAL_Driver/Src/stm32f1xx_hal.o
 .debug_info    0x00000000000028b4      0xa69 ./Drivers/STM32F1xx_HAL_Driver/Src/stm32f1xx_hal_cortex.o
 .debug_info    0x000000000000331d      0x5ab ./Drivers/STM32F1xx_HAL_Driver/Src/stm32f1xx_hal_gpio.o
 .debug_info    0x00000000000038c8      0x7d5 ./Drivers/STM32F1xx_HAL_Driver/Src/stm32f1xx_hal_rcc.o
 .debug_info    0x000000000000409d     0x293b ./Drivers/STM32F1xx_HAL_Driver/Src/stm32f1xx_hal_tim.o
 .debug_info    0x00000000000069d8     0x149b ./Drivers/STM32F1xx_HAL_Driver/Src/stm32f1xx_hal_tim_ex.o

.debug_abbrev   0x0000000000000000     0x1871
 .debug_abbrev  0x0000000000000000      0x14f ./Core/Src/input_button.o
 .debug_abbrev  0x000000000000014f      0x280 ./Core/Src/main.o
 .debug_abbrev  0x00000000000003cf       0xc2 ./Core/Src/processing_fsm.o
 .debug_abbrev  0x0000000000000491       0xe2 ./Core/Src/software_timer.o
 .debug_abbrev  0x0000000000000573      0x1ad ./Core/Src/stm32f1xx_hal_msp.o
 .debug_abbrev  0x0000000000000720      0x191 ./Core/Src/stm32f1xx_it.o
 .debug_abbrev  0x00000000000008b1      0x13f ./Core/Src/system_stm32f1xx.o
 .debug_abbrev  0x00000000000009f0       0x12 ./Core/Startup/startup_stm32f103c6ux.o
 .debug_abbrev  0x0000000000000a02      0x201 ./Drivers/STM32F1xx_HAL_Driver/Src/stm32f1xx_hal.o
 .debug_abbrev  0x0000000000000c03      0x2f8 ./Drivers/STM32F1xx_HAL_Driver/Src/stm32f1xx_hal_cortex.o
 .debug_abbrev  0x0000000000000efb      0x1ca ./Drivers/STM32F1xx_HAL_Driver/Src/stm32f1xx_hal_gpio.o
 .debug_abbrev  0x00000000000010c5      0x2b3 ./Drivers/STM32F1xx_HAL_Driver/Src/stm32f1xx_hal_rcc.o
 .debug_abbrev  0x0000000000001378      0x277 ./Drivers/STM32F1xx_HAL_Driver/Src/stm32f1xx_hal_tim.o
 .debug_abbrev  0x00000000000015ef      0x282 ./Drivers/STM32F1xx_HAL_Driver/Src/stm32f1xx_hal_tim_ex.o

.debug_aranges  0x0000000000000000      0x9b0
 .debug_aranges
                0x0000000000000000       0x28 ./Core/Src/input_button.o
 .debug_aranges
                0x0000000000000028       0x48 ./Core/Src/main.o
 .debug_aranges
                0x0000000000000070       0x30 ./Core/Src/processing_fsm.o
 .debug_aranges
                0x00000000000000a0       0x28 ./Core/Src/software_timer.o
 .debug_aranges
                0x00000000000000c8       0x30 ./Core/Src/stm32f1xx_hal_msp.o
 .debug_aranges
                0x00000000000000f8       0x68 ./Core/Src/stm32f1xx_it.o
 .debug_aranges
                0x0000000000000160       0x28 ./Core/Src/system_stm32f1xx.o
 .debug_aranges
                0x0000000000000188       0x28 ./Core/Startup/startup_stm32f103c6ux.o
 .debug_aranges
                0x00000000000001b0       0xe0 ./Drivers/STM32F1xx_HAL_Driver/Src/stm32f1xx_hal.o
 .debug_aranges
                0x0000000000000290      0x100 ./Drivers/STM32F1xx_HAL_Driver/Src/stm32f1xx_hal_cortex.o
 .debug_aranges
                0x0000000000000390       0x58 ./Drivers/STM32F1xx_HAL_Driver/Src/stm32f1xx_hal_gpio.o
 .debug_aranges
                0x00000000000003e8       0x90 ./Drivers/STM32F1xx_HAL_Driver/Src/stm32f1xx_hal_rcc.o
 .debug_aranges
                0x0000000000000478      0x3d0 ./Drivers/STM32F1xx_HAL_Driver/Src/stm32f1xx_hal_tim.o
 .debug_aranges
                0x0000000000000848      0x168 ./Drivers/STM32F1xx_HAL_Driver/Src/stm32f1xx_hal_tim_ex.o

.debug_rnglists
                0x0000000000000000      0x769
 .debug_rnglists
                0x0000000000000000       0x1a ./Core/Src/input_button.o
 .debug_rnglists
                0x000000000000001a       0x33 ./Core/Src/main.o
 .debug_rnglists
                0x000000000000004d       0x20 ./Core/Src/processing_fsm.o
 .debug_rnglists
                0x000000000000006d       0x19 ./Core/Src/software_timer.o
 .debug_rnglists
                0x0000000000000086       0x1f ./Core/Src/stm32f1xx_hal_msp.o
 .debug_rnglists
                0x00000000000000a5       0x49 ./Core/Src/stm32f1xx_it.o
 .debug_rnglists
                0x00000000000000ee       0x1a ./Core/Src/system_stm32f1xx.o
 .debug_rnglists
                0x0000000000000108       0x19 ./Core/Startup/startup_stm32f103c6ux.o
 .debug_rnglists
                0x0000000000000121       0xa3 ./Drivers/STM32F1xx_HAL_Driver/Src/stm32f1xx_hal.o
 .debug_rnglists
                0x00000000000001c4       0xbb ./Drivers/STM32F1xx_HAL_Driver/Src/stm32f1xx_hal_cortex.o
 .debug_rnglists
                0x000000000000027f       0x3f ./Drivers/STM32F1xx_HAL_Driver/Src/stm32f1xx_hal_gpio.o
 .debug_rnglists
                0x00000000000002be       0x6c ./Drivers/STM32F1xx_HAL_Driver/Src/stm32f1xx_hal_rcc.o
 .debug_rnglists
                0x000000000000032a      0x31a ./Drivers/STM32F1xx_HAL_Driver/Src/stm32f1xx_hal_tim.o
 .debug_rnglists
                0x0000000000000644      0x125 ./Drivers/STM32F1xx_HAL_Driver/Src/stm32f1xx_hal_tim_ex.o

.debug_macro    0x0000000000000000    0x168a0
 .debug_macro   0x0000000000000000      0x1be ./Core/Src/input_button.o
 .debug_macro   0x00000000000001be      0xa9c ./Core/Src/input_button.o
 .debug_macro   0x0000000000000c5a      0x215 ./Core/Src/input_button.o
 .debug_macro   0x0000000000000e6f       0x2e ./Core/Src/input_button.o
 .debug_macro   0x0000000000000e9d       0x22 ./Core/Src/input_button.o
 .debug_macro   0x0000000000000ebf       0x22 ./Core/Src/input_button.o
 .debug_macro   0x0000000000000ee1       0x8e ./Core/Src/input_button.o
 .debug_macro   0x0000000000000f6f       0x51 ./Core/Src/input_button.o
 .debug_macro   0x0000000000000fc0      0x103 ./Core/Src/input_button.o
 .debug_macro   0x00000000000010c3       0x6a ./Core/Src/input_button.o
 .debug_macro   0x000000000000112d      0x1df ./Core/Src/input_button.o
 .debug_macro   0x000000000000130c       0x1c ./Core/Src/input_button.o
 .debug_macro   0x0000000000001328       0x22 ./Core/Src/input_button.o
 .debug_macro   0x000000000000134a       0xbd ./Core/Src/input_button.o
 .debug_macro   0x0000000000001407      0xd23 ./Core/Src/input_button.o
 .debug_macro   0x000000000000212a     0xde75 ./Core/Src/input_button.o
 .debug_macro   0x000000000000ff9f       0x6d ./Core/Src/input_button.o
 .debug_macro   0x000000000001000c     0x348d ./Core/Src/input_button.o
 .debug_macro   0x0000000000013499      0x174 ./Core/Src/input_button.o
 .debug_macro   0x000000000001360d       0x5c ./Core/Src/input_button.o
 .debug_macro   0x0000000000013669      0x5bc ./Core/Src/input_button.o
 .debug_macro   0x0000000000013c25      0x1b7 ./Core/Src/input_button.o
 .debug_macro   0x0000000000013ddc      0x1cb ./Core/Src/input_button.o
 .debug_macro   0x0000000000013fa7      0x114 ./Core/Src/input_button.o
 .debug_macro   0x00000000000140bb      0x1b2 ./Core/Src/input_button.o
 .debug_macro   0x000000000001426d       0x27 ./Core/Src/input_button.o
 .debug_macro   0x0000000000014294      0x12f ./Core/Src/input_button.o
 .debug_macro   0x00000000000143c3      0x1bc ./Core/Src/input_button.o
 .debug_macro   0x000000000001457f       0x34 ./Core/Src/input_button.o
 .debug_macro   0x00000000000145b3       0x3c ./Core/Src/input_button.o
 .debug_macro   0x00000000000145ef       0x57 ./Core/Src/input_button.o
 .debug_macro   0x0000000000014646       0x87 ./Core/Src/input_button.o
 .debug_macro   0x00000000000146cd      0x183 ./Core/Src/input_button.o
 .debug_macro   0x0000000000014850      0x140 ./Core/Src/input_button.o
 .debug_macro   0x0000000000014990      0x8ed ./Core/Src/input_button.o
 .debug_macro   0x000000000001527d       0x69 ./Core/Src/input_button.o
 .debug_macro   0x00000000000152e6      0x10c ./Core/Src/input_button.o
 .debug_macro   0x00000000000153f2       0x16 ./Core/Src/input_button.o
 .debug_macro   0x0000000000015408       0x22 ./Core/Src/input_button.o
 .debug_macro   0x000000000001542a      0x1d0 ./Core/Src/main.o
 .debug_macro   0x00000000000155fa      0x1c8 ./Core/Src/processing_fsm.o
 .debug_macro   0x00000000000157c2      0x1b5 ./Core/Src/software_timer.o
 .debug_macro   0x0000000000015977       0x10 ./Core/Src/software_timer.o
 .debug_macro   0x0000000000015987      0x1a6 ./Core/Src/stm32f1xx_hal_msp.o
 .debug_macro   0x0000000000015b2d      0x1b0 ./Core/Src/stm32f1xx_it.o
 .debug_macro   0x0000000000015cdd      0x197 ./Core/Src/system_stm32f1xx.o
 .debug_macro   0x0000000000015e74      0x1bb ./Drivers/STM32F1xx_HAL_Driver/Src/stm32f1xx_hal.o
 .debug_macro   0x000000000001602f      0x197 ./Drivers/STM32F1xx_HAL_Driver/Src/stm32f1xx_hal_cortex.o
 .debug_macro   0x00000000000161c6      0x202 ./Drivers/STM32F1xx_HAL_Driver/Src/stm32f1xx_hal_gpio.o
 .debug_macro   0x00000000000163c8      0x1a9 ./Drivers/STM32F1xx_HAL_Driver/Src/stm32f1xx_hal_rcc.o
 .debug_macro   0x0000000000016571      0x198 ./Drivers/STM32F1xx_HAL_Driver/Src/stm32f1xx_hal_tim.o
 .debug_macro   0x0000000000016709      0x197 ./Drivers/STM32F1xx_HAL_Driver/Src/stm32f1xx_hal_tim_ex.o

.debug_line     0x0000000000000000     0xaf13
 .debug_line    0x0000000000000000      0x7ac ./Core/Src/input_button.o
 .debug_line    0x00000000000007ac      0x832 ./Core/Src/main.o
 .debug_line    0x0000000000000fde      0x798 ./Core/Src/processing_fsm.o
 .debug_line    0x0000000000001776      0x73c ./Core/Src/software_timer.o
 .debug_line    0x0000000000001eb2      0x720 ./Core/Src/stm32f1xx_hal_msp.o
 .debug_line    0x00000000000025d2      0x7bf ./Core/Src/stm32f1xx_it.o
 .debug_line    0x0000000000002d91      0x763 ./Core/Src/system_stm32f1xx.o
 .debug_line    0x00000000000034f4       0x78 ./Core/Startup/startup_stm32f103c6ux.o
 .debug_line    0x000000000000356c      0x990 ./Drivers/STM32F1xx_HAL_Driver/Src/stm32f1xx_hal.o
 .debug_line    0x0000000000003efc      0xb78 ./Drivers/STM32F1xx_HAL_Driver/Src/stm32f1xx_hal_cortex.o
 .debug_line    0x0000000000004a74      0xa14 ./Drivers/STM32F1xx_HAL_Driver/Src/stm32f1xx_hal_gpio.o
 .debug_line    0x0000000000005488      0xd99 ./Drivers/STM32F1xx_HAL_Driver/Src/stm32f1xx_hal_rcc.o
 .debug_line    0x0000000000006221     0x3433 ./Drivers/STM32F1xx_HAL_Driver/Src/stm32f1xx_hal_tim.o
 .debug_line    0x0000000000009654     0x18bf ./Drivers/STM32F1xx_HAL_Driver/Src/stm32f1xx_hal_tim_ex.o

.debug_str      0x0000000000000000    0x82364
 .debug_str     0x0000000000000000    0x7f8a0 ./Core/Src/input_button.o
                                      0x7fbf3 (size before relaxing)
 .debug_str     0x000000000007f8a0      0x7de ./Core/Src/main.o
                                      0x803ac (size before relaxing)
 .debug_str     0x000000000008007e       0x6d ./Core/Src/processing_fsm.o
                                      0x7fb63 (size before relaxing)
 .debug_str     0x00000000000800eb       0x48 ./Core/Src/software_timer.o
                                      0x7fa97 (size before relaxing)
 .debug_str     0x0000000000080133      0x2d2 ./Core/Src/stm32f1xx_hal_msp.o
                                      0x80235 (size before relaxing)
 .debug_str     0x0000000000080405       0xec ./Core/Src/stm32f1xx_it.o
                                      0x7ff9e (size before relaxing)
 .debug_str     0x00000000000804f1       0x7e ./Core/Src/system_stm32f1xx.o
                                      0x7f629 (size before relaxing)
 .debug_str     0x000000000008056f       0x34 ./Core/Startup/startup_stm32f103c6ux.o
                                         0x5f (size before relaxing)
 .debug_str     0x00000000000805a3      0x38e ./Drivers/STM32F1xx_HAL_Driver/Src/stm32f1xx_hal.o
                                      0x7fd22 (size before relaxing)
 .debug_str     0x0000000000080931      0x29e ./Drivers/STM32F1xx_HAL_Driver/Src/stm32f1xx_hal_cortex.o
                                      0x7fc6e (size before relaxing)
 .debug_str     0x0000000000080bcf      0x309 ./Drivers/STM32F1xx_HAL_Driver/Src/stm32f1xx_hal_gpio.o
                                      0x7f9af (size before relaxing)
 .debug_str     0x0000000000080ed8      0x229 ./Drivers/STM32F1xx_HAL_Driver/Src/stm32f1xx_hal_rcc.o
                                      0x7fa58 (size before relaxing)
 .debug_str     0x0000000000081101      0xdd0 ./Drivers/STM32F1xx_HAL_Driver/Src/stm32f1xx_hal_tim.o
                                      0x80a4a (size before relaxing)
 .debug_str     0x0000000000081ed1      0x493 ./Drivers/STM32F1xx_HAL_Driver/Src/stm32f1xx_hal_tim_ex.o
                                      0x80266 (size before relaxing)

.debug_frame    0x0000000000000000     0x26f4
 .debug_frame   0x0000000000000000       0x5c ./Core/Src/input_button.o
 .debug_frame   0x000000000000005c       0xd4 ./Core/Src/main.o
 .debug_frame   0x0000000000000130       0x70 ./Core/Src/processing_fsm.o
 .debug_frame   0x00000000000001a0       0x60 ./Core/Src/software_timer.o
 .debug_frame   0x0000000000000200       0x80 ./Core/Src/stm32f1xx_hal_msp.o
 .debug_frame   0x0000000000000280      0x120 ./Core/Src/stm32f1xx_it.o
 .debug_frame   0x00000000000003a0       0x58 ./Core/Src/system_stm32f1xx.o
 .debug_frame   0x00000000000003f8      0x334 ./Drivers/STM32F1xx_HAL_Driver/Src/stm32f1xx_hal.o
 .debug_frame   0x000000000000072c      0x428 ./Drivers/STM32F1xx_HAL_Driver/Src/stm32f1xx_hal_cortex.o
 .debug_frame   0x0000000000000b54      0x14c ./Drivers/STM32F1xx_HAL_Driver/Src/stm32f1xx_hal_gpio.o
 .debug_frame   0x0000000000000ca0      0x218 ./Drivers/STM32F1xx_HAL_Driver/Src/stm32f1xx_hal_rcc.o
 .debug_frame   0x0000000000000eb8     0x11b8 ./Drivers/STM32F1xx_HAL_Driver/Src/stm32f1xx_hal_tim.o
 .debug_frame   0x0000000000002070      0x638 ./Drivers/STM32F1xx_HAL_Driver/Src/stm32f1xx_hal_tim_ex.o
 .debug_frame   0x00000000000026a8       0x20 C:/ST/STM32CubeIDE_1.11.0/STM32CubeIDE/plugins/com.st.stm32cube.ide.mcu.externaltools.gnu-tools-for-stm32.11.3.rel1.win32_1.1.1.202309131626/tools/bin/../lib/gcc/arm-none-eabi/11.3.1/../../../../arm-none-eabi/lib/thumb/v7-m/nofp\libc_nano.a(libc_a-memset.o)
 .debug_frame   0x00000000000026c8       0x2c C:/ST/STM32CubeIDE_1.11.0/STM32CubeIDE/plugins/com.st.stm32cube.ide.mcu.externaltools.gnu-tools-for-stm32.11.3.rel1.win32_1.1.1.202309131626/tools/bin/../lib/gcc/arm-none-eabi/11.3.1/../../../../arm-none-eabi/lib/thumb/v7-m/nofp\libc_nano.a(libc_a-init.o)

.debug_line_str
                0x0000000000000000       0x53
 .debug_line_str
                0x0000000000000000       0x53 ./Core/Startup/startup_stm32f103c6ux.o
                                         0x6b (size before relaxing)
